2025-07-01 13:32:41,576 [INFO] file_cache is only supported with oauth2client<4.0.0
2025-07-01 13:32:41,579 [INFO] 🚀 Gocalendar бот запущен
2025-07-01 13:32:41,579 [INFO] Start polling
2025-07-01 13:32:41,755 [INFO] Run polling for bot @gocalendar_bot id=7679328847 - 'gocalendar'
2025-07-01 13:32:44,065 [INFO] 📩 Получено сообщение от пользователя 163448423
2025-07-01 13:32:44,065 [INFO] 🔍 Начинаем анализ текста. URL: –
2025-07-01 13:32:46,505 [INFO] HTTP Request: POST https://api.openai.com/v1/chat/completions "HTTP/1.1 200 OK"
2025-07-01 13:32:46,514 [WARNING] ⚠️ Ошибка при извлечении даты: time data 'Извините, я не могу просматривать внешние ресурсы, чтобы найти текст поста и страницы. Если вы предоставите мне текст, я могу помочь вам найти дату и время начала мероприятия' does not match format '%Y-%m-%d %H:%M'
2025-07-01 13:32:46,514 [INFO] 📭 Дата не найдена в сообщении.
2025-07-01 13:32:46,514 [INFO] Update id=545564732 is handled. Duration 2449 ms by bot id=7679328847
2025-07-01 13:32:51,553 [INFO] 📩 Получено сообщение от пользователя 163448423
2025-07-01 13:32:51,553 [INFO] 🔍 Начинаем анализ текста. URL: –
2025-07-01 13:32:53,158 [INFO] HTTP Request: POST https://api.openai.com/v1/chat/completions "HTTP/1.1 200 OK"
2025-07-01 13:32:53,159 [WARNING] ⚠️ Ошибка при извлечении даты: time data 'Извините, я не могу просматривать внешние ресурсы, чтобы найти текст поста и страницы. Если вы предоставите мне текст, я могу помочь вам найти дату и время начала мероприятия в нем' does not match format '%Y-%m-%d %H:%M'
2025-07-01 13:32:53,159 [INFO] 📭 Дата не найдена в сообщении.
2025-07-01 13:32:53,159 [INFO] Update id=545564733 is handled. Duration 1606 ms by bot id=7679328847
2025-07-01 13:33:01,534 [INFO] 📩 Получено сообщение от пользователя 163448423
2025-07-01 13:33:01,534 [INFO] 🔍 Начинаем анализ текста. URL: –
2025-07-01 13:33:03,645 [INFO] HTTP Request: POST https://api.openai.com/v1/chat/completions "HTTP/1.1 200 OK"
2025-07-01 13:33:03,645 [WARNING] ⚠️ Ошибка при извлечении даты: time data 'Извините, я не могу просматривать посты или страницы. Пожалуйста, предоставьте мне текст, который вы хотите проанализировать' does not match format '%Y-%m-%d %H:%M'
2025-07-01 13:33:03,645 [INFO] 📭 Дата не найдена в сообщении.
2025-07-01 13:33:03,645 [INFO] Update id=545564734 is handled. Duration 2111 ms by bot id=7679328847
2025-07-01 13:36:18,557 [INFO] 📩 Получено сообщение от пользователя 6444493264
2025-07-01 13:36:18,557 [INFO] 🔍 Начинаем анализ текста. URL: –
2025-07-01 13:36:19,914 [INFO] HTTP Request: POST https://api.openai.com/v1/chat/completions "HTTP/1.1 200 OK"
2025-07-01 13:36:19,920 [WARNING] ⚠️ Ошибка при извлечении даты: time data 'Извините, но в тексте поста нет информации о дате и времени начала мероприятия' does not match format '%Y-%m-%d %H:%M'
2025-07-01 13:36:19,920 [INFO] 📭 Дата не найдена в сообщении.
2025-07-01 13:36:19,920 [INFO] Update id=545564735 is handled. Duration 1363 ms by bot id=7679328847
2025-07-01 13:37:23,770 [INFO] Polling stopped
2025-07-01 13:37:24,021 [INFO] Polling stopped for bot @gocalendar_bot id=7679328847 - 'gocalendar'
2025-07-01 14:00:29,312 [INFO] file_cache is only supported with oauth2client<4.0.0
2025-07-01 14:00:29,316 [INFO] 🚀 Gocalendar бот запущен
2025-07-01 14:00:29,316 [INFO] Start polling
2025-07-01 14:00:29,581 [INFO] Run polling for bot @gocalendar_bot id=7679328847 - 'gocalendar'
2025-07-01 14:00:29,680 [INFO] 📩 Получено сообщение от пользователя 163448423
2025-07-01 14:00:29,681 [INFO] 🔍 Начинаем анализ текста. URL: –
2025-07-01 14:00:31,997 [INFO] HTTP Request: POST https://api.openai.com/v1/chat/completions "HTTP/1.1 200 OK"
2025-07-01 14:00:32,008 [WARNING] ⚠️ Ошибка при извлечении даты: time data 'Извините, я не могу просматривать внешние ресурсы, чтобы найти текст поста и страницы. Если вы предоставите мне текст, я могу помочь вам найти дату и время начала мероприятия' does not match format '%Y-%m-%d %H:%M'
2025-07-01 14:00:32,008 [INFO] 📭 Дата не найдена в сообщении.
2025-07-01 14:00:32,008 [INFO] Update id=545564736 is handled. Duration 2327 ms by bot id=7679328847
2025-07-01 14:00:32,008 [INFO] 📩 Получено сообщение от пользователя 163448423
2025-07-01 14:00:32,008 [INFO] 🔍 Начинаем анализ текста. URL: –
2025-07-01 14:00:33,356 [INFO] HTTP Request: POST https://api.openai.com/v1/chat/completions "HTTP/1.1 200 OK"
2025-07-01 14:00:33,360 [WARNING] ⚠️ Ошибка при извлечении даты: time data 'Из текста поста не удалось найти информацию о дате и времени начала мероприятия' does not match format '%Y-%m-%d %H:%M'
2025-07-01 14:00:33,360 [INFO] 📭 Дата не найдена в сообщении.
2025-07-01 14:00:33,360 [INFO] Update id=545564737 is handled. Duration 1351 ms by bot id=7679328847
2025-07-01 14:00:33,360 [INFO] 📩 Получено сообщение от пользователя 163448423
2025-07-01 14:00:33,360 [INFO] 🔍 Начинаем анализ текста. URL: –
2025-07-01 14:00:34,454 [INFO] HTTP Request: POST https://api.openai.com/v1/chat/completions "HTTP/1.1 200 OK"
2025-07-01 14:00:34,457 [ERROR] ❌ Ошибка при создании события: 'NoneType' object is not subscriptable
2025-07-01 14:00:34,457 [INFO] Update id=545564738 is handled. Duration 1096 ms by bot id=7679328847
2025-07-01 14:00:34,457 [INFO] 📩 Получено сообщение от пользователя 163448423
2025-07-01 14:00:34,457 [INFO] 🔍 Начинаем анализ текста. URL: –
2025-07-01 14:00:35,897 [INFO] HTTP Request: POST https://api.openai.com/v1/chat/completions "HTTP/1.1 200 OK"
2025-07-01 14:00:35,898 [WARNING] ⚠️ Ошибка при извлечении даты: time data 'Извините, но в тексте поста нет информации о дате и времени начала мероприятия' does not match format '%Y-%m-%d %H:%M'
2025-07-01 14:00:35,898 [INFO] 📭 Дата не найдена в сообщении.
2025-07-01 14:00:35,898 [INFO] Update id=545564739 is handled. Duration 1440 ms by bot id=7679328847
2025-07-01 14:00:35,898 [INFO] 📩 Получено сообщение от бота 1087968824
2025-07-01 14:00:35,898 [INFO] 🚫 Бот не в белом списке. Сообщение игнорируется.
2025-07-01 14:00:35,898 [INFO] Update id=545564740 is handled. Duration 0 ms by bot id=7679328847
2025-07-01 14:00:35,898 [INFO] 📩 Получено сообщение от пользователя 163448423
2025-07-01 14:00:35,898 [INFO] 🔍 Начинаем анализ текста. URL: –
2025-07-01 14:00:37,148 [INFO] HTTP Request: POST https://api.openai.com/v1/chat/completions "HTTP/1.1 200 OK"
2025-07-01 14:00:37,148 [WARNING] ⚠️ Ошибка при извлечении даты: time data 'Из текста не видно даты и времени начала мероприятия' does not match format '%Y-%m-%d %H:%M'
2025-07-01 14:00:37,149 [INFO] 📭 Дата не найдена в сообщении.
2025-07-01 14:00:37,149 [INFO] Update id=545564741 is handled. Duration 1250 ms by bot id=7679328847
2025-07-01 14:00:37,149 [INFO] 📩 Получено сообщение от пользователя 163448423
2025-07-01 14:00:37,149 [INFO] 🔍 Начинаем анализ текста. URL: –
2025-07-01 14:00:38,414 [INFO] HTTP Request: POST https://api.openai.com/v1/chat/completions "HTTP/1.1 200 OK"
2025-07-01 14:00:38,418 [WARNING] ⚠️ Ошибка при извлечении даты: time data 'Извините, но текст поста не был предоставлен. Если вы предоставите мне текст, я смогу помочь вам найти дату и время начала мероприятия' does not match format '%Y-%m-%d %H:%M'
2025-07-01 14:00:38,418 [INFO] 📭 Дата не найдена в сообщении.
2025-07-01 14:00:38,419 [INFO] Update id=545564742 is handled. Duration 1269 ms by bot id=7679328847
2025-07-01 14:00:38,419 [INFO] 📩 Получено сообщение от пользователя 163448423
2025-07-01 14:00:38,419 [INFO] 🔍 Начинаем анализ текста. URL: –
2025-07-01 14:00:40,926 [INFO] HTTP Request: POST https://api.openai.com/v1/chat/completions "HTTP/1.1 200 OK"
2025-07-01 14:00:40,927 [WARNING] ⚠️ Ошибка при извлечении даты: time data 'Извините, я не могу просматривать внешние ресурсы, поэтому не могу найти дату и время начала мероприятия в тексте поста и страницы /start. Пожалуйста, предоставьте мне конкретный текст для анализа' does not match format '%Y-%m-%d %H:%M'
2025-07-01 14:00:40,927 [INFO] 📭 Дата не найдена в сообщении.
2025-07-01 14:00:40,927 [INFO] Update id=545564743 is handled. Duration 2508 ms by bot id=7679328847
2025-07-01 14:00:40,927 [INFO] 📩 Получено сообщение от пользователя 163448423
2025-07-01 14:00:40,928 [INFO] 🔍 Начинаем анализ текста. URL: https://i.ibb.co/8DWDzwW7/2a8c91fca2a6.jpg
2025-07-01 14:00:43,184 [INFO] HTTP Request: POST https://api.openai.com/v1/chat/completions "HTTP/1.1 200 OK"
2025-07-01 14:00:45,848 [INFO] ✅ Добавлено событие: Название мероприятия: Frank

О... — 2025-07-10 12:00:00
2025-07-01 14:00:45,849 [INFO] 📩 Получено сообщение от пользователя 163448423
2025-07-01 14:00:45,849 [INFO] 🔍 Начинаем анализ текста. URL: https://i.ibb.co/8DWDzwW7/2a8c91fca2a6.jpg
2025-07-01 14:00:48,256 [INFO] HTTP Request: POST https://api.openai.com/v1/chat/completions "HTTP/1.1 200 OK"
2025-07-01 14:00:49,688 [INFO] ✅ Добавлено событие: Название мероприятия: Frank

О... — 2025-07-10 12:00:00
2025-07-01 14:00:49,943 [INFO] Update id=545564744 is handled. Duration 9015 ms by bot id=7679328847
2025-07-01 14:00:50,171 [INFO] Update id=545564745 is handled. Duration 4322 ms by bot id=7679328847
2025-07-01 14:01:00,677 [INFO] Polling stopped
2025-07-01 14:01:00,938 [INFO] Polling stopped for bot @gocalendar_bot id=7679328847 - 'gocalendar'
